******************************************************************************
             TMS320C2000 Linker PC v15.12.1                    
******************************************************************************
>> Linked Sat Nov 27 15:09:41 2021

OUTPUT FILE NAME:   <Example26_DSP2833x_SPI_loopback.out>
ENTRY POINT SYMBOL: "_c_int00"  address: 0000a674


MEMORY CONFIGURATION

         name            origin    length      used     unused   attr    fill
----------------------  --------  ---------  --------  --------  ----  --------
PAGE 0:
  BEGIN                 00000000   00000002  00000002  00000000  RWIX
  RAMM0                 00000050   000003b0  00000000  000003b0  RWIX
  RAML0                 00008000   00001000  0000002f  00000fd1  RWIX
  RAML1                 00009000   00002000  00001b86  0000047a  RWIX
  RAML2                 0000b000   00001000  00000000  00001000  RWIX
  RAML3                 0000c000   00001000  00000000  00001000  RWIX
  ZONE7A                00200000   0000fc00  00000000  0000fc00  RWIX
  CSM_RSVD              0033ff80   00000076  00000000  00000076  RWIX
  CSM_PWL               0033fff8   00000008  00000000  00000008  RWIX
  ADC_CAL               00380080   00000009  00000007  00000002  RWIX
  IQTABLES              003fe000   00000b50  00000000  00000b50  RWIX
  IQTABLES2             003feb50   0000008c  00000000  0000008c  RWIX
  FPUTABLES             003febdc   000006a0  00000000  000006a0  RWIX
  BOOTROM               003ff27c   00000d44  00000000  00000d44  RWIX
  RESET                 003fffc0   00000002  00000000  00000002  RWIX

PAGE 1:
  BOOT_RSVD             00000002   0000004e  00000000  0000004e  RWIX
  RAMM1                 00000400   00000400  00000300  00000100  RWIX
  DEV_EMU               00000880   00000180  000000d0  000000b0  RWIX
  FLASH_REGS            00000a80   00000060  00000008  00000058  RWIX
  CSM                   00000ae0   00000010  00000010  00000000  RWIX
  ADC_MIRROR            00000b00   00000010  00000010  00000000  RWIX
  XINTF                 00000b20   00000020  0000001e  00000002  RWIX
  CPU_TIMER0            00000c00   00000008  00000008  00000000  RWIX
  CPU_TIMER1            00000c08   00000008  00000008  00000000  RWIX
  CPU_TIMER2            00000c10   00000008  00000008  00000000  RWIX
  PIE_CTRL              00000ce0   00000020  0000001a  00000006  RWIX
  PIE_VECT              00000d00   00000100  00000100  00000000  RWIX
  DMA                   00001000   00000200  000000e0  00000120  RWIX
  MCBSPA                00005000   00000040  00000025  0000001b  RWIX
  MCBSPB                00005040   00000040  00000025  0000001b  RWIX
  ECANA                 00006000   00000040  00000034  0000000c  RWIX
  ECANA_LAM             00006040   00000040  00000040  00000000  RWIX
  ECANA_MOTS            00006080   00000040  00000040  00000000  RWIX
  ECANA_MOTO            000060c0   00000040  00000040  00000000  RWIX
  ECANA_MBOX            00006100   00000100  00000100  00000000  RWIX
  ECANB                 00006200   00000040  00000034  0000000c  RWIX
  ECANB_LAM             00006240   00000040  00000040  00000000  RWIX
  ECANB_MOTS            00006280   00000040  00000040  00000000  RWIX
  ECANB_MOTO            000062c0   00000040  00000040  00000000  RWIX
  ECANB_MBOX            00006300   00000100  00000100  00000000  RWIX
  EPWM1                 00006800   00000022  00000022  00000000  RWIX
  EPWM2                 00006840   00000022  00000022  00000000  RWIX
  EPWM3                 00006880   00000022  00000022  00000000  RWIX
  EPWM4                 000068c0   00000022  00000022  00000000  RWIX
  EPWM5                 00006900   00000022  00000022  00000000  RWIX
  EPWM6                 00006940   00000022  00000022  00000000  RWIX
  ECAP1                 00006a00   00000020  00000020  00000000  RWIX
  ECAP2                 00006a20   00000020  00000020  00000000  RWIX
  ECAP3                 00006a40   00000020  00000020  00000000  RWIX
  ECAP4                 00006a60   00000020  00000020  00000000  RWIX
  ECAP5                 00006a80   00000020  00000020  00000000  RWIX
  ECAP6                 00006aa0   00000020  00000020  00000000  RWIX
  EQEP1                 00006b00   00000040  00000040  00000000  RWIX
  EQEP2                 00006b40   00000040  00000040  00000000  RWIX
  GPIOCTRL              00006f80   00000040  0000002e  00000012  RWIX
  GPIODAT               00006fc0   00000020  00000020  00000000  RWIX
  GPIOINT               00006fe0   00000020  0000000a  00000016  RWIX
  SYSTEM                00007010   00000020  00000020  00000000  RWIX
  SPIA                  00007040   00000010  00000010  00000000  RWIX
  SCIA                  00007050   00000010  00000010  00000000  RWIX
  XINTRUPT              00007070   00000010  00000010  00000000  RWIX
  ADC                   00007100   00000020  0000001e  00000002  RWIX
  SCIB                  00007750   00000010  00000010  00000000  RWIX
  SCIC                  00007770   00000010  00000010  00000000  RWIX
  I2CA                  00007900   00000040  00000022  0000001e  RWIX
  RAML4                 0000c000   00001000  00000033  00000fcd  RWIX
  RAML5                 0000d000   00001000  00000284  00000d7c  RWIX
  RAML6                 0000e000   00001000  00000000  00001000  RWIX
  RAML7                 0000f000   00001000  00000000  00001000  RWIX
  ZONE7B                0020fc00   00000400  00000000  00000400  RWIX
  CSM_PWL               0033fff8   00000008  00000008  00000000  RWIX


SECTION ALLOCATION MAP

 output                                  attributes/
section   page    origin      length       input sections
--------  ----  ----------  ----------   ----------------
codestart 
*          0    00000000    00000002     
                  00000000    00000002     DSP2833x_CodeStartBranch.obj (codestart)

.cinit     0    00008000    0000002b     
                  00008000    0000000e     rts2800_fpu32.lib : exit.obj (.cinit)
                  0000800e    0000000d     uart.obj (.cinit)
                  0000801b    00000005     rts2800_fpu32.lib : _lock.obj (.cinit:__lock)
                  00008020    00000005                       : _lock.obj (.cinit:__unlock)
                  00008025    00000004                       : errno.obj (.cinit)
                  00008029    00000002     --HOLE-- [fill = 0]

ramfuncs   0    0000802b    00000004     
                  0000802b    00000004     DSP2833x_usDelay.obj (ramfuncs)

.text      0    00009000    00001b86     
                  00009000    00000bd9     rts2800_fpu32.lib : _printfi.obj (.text)
                  00009bd9    00000323     DSP2833x_DefaultIsr.obj (.text:retain)
                  00009efc    00000130     uart.obj (.text)
                  0000a02c    00000107     rts2800_fpu32.lib : ll_div.obj (.text)
                  0000a133    000000f8     DSP2833x_SysCtrl.obj (.text)
                  0000a22b    000000bc     rts2800_fpu32.lib : s_scalbn.obj (.text)
                  0000a2e7    000000a6     time.obj (.text)
                  0000a38d    0000009c     rts2800_fpu32.lib : fd_add.obj (.text)
                  0000a429    0000008b                       : fd_div.obj (.text)
                  0000a4b4    00000083                       : fd_mpy.obj (.text)
                  0000a537    0000007b     DSP2833x_CpuTimers.obj (.text)
                  0000a5b2    00000067     uart.obj (.text:retain)
                  0000a619    0000005b     rts2800_fpu32.lib : s_frexp.obj (.text)
                  0000a674    00000056                       : boot.obj (.text)
                  0000a6ca    00000046                       : cpy_tbl.obj (.text)
                  0000a710    00000045     DSP2833x_Sci.obj (.text)
                  0000a755    00000044     leds.obj (.text)
                  0000a799    00000043     main.obj (.text)
                  0000a7dc    00000043     time.obj (.text:retain)
                  0000a81f    00000032     rts2800_fpu32.lib : sprintf.obj (.text)
                  0000a851    00000031                       : atoi.obj (.text)
                  0000a882    0000002e                       : ltoa.obj (.text)
                  0000a8b0    0000002c     DSP2833x_Spi.obj (.text)
                  0000a8dc    0000002a     rts2800_fpu32.lib : fd_cmp.obj (.text)
                  0000a906    0000002a                       : l_div.obj (.text)
                  0000a930    00000029                       : exit.obj (.text)
                  0000a959    00000028     DSP2833x_PieCtrl.obj (.text)
                  0000a981    00000028     spi.obj (.text)
                  0000a9a9    00000022     rts2800_fpu32.lib : i_div.obj (.text)
                  0000a9cb    00000022                       : s_copysign.obj (.text)
                  0000a9ed    00000021                       : fd_toi.obj (.text)
                  0000aa0e    00000020     DSP2833x_PieVect.obj (.text)
                  0000aa2e    0000001f     rts2800_fpu32.lib : fd_tol.obj (.text)
                  0000aa4d    0000001e                       : ll_cmp.obj (.text)
                  0000aa6b    0000001e                       : memcpy.obj (.text)
                  0000aa89    0000001d                       : i_tofd.obj (.text)
                  0000aaa6    0000001c                       : fs_tofd.obj (.text)
                  0000aac2    0000001c                       : l_tofd.obj (.text)
                  0000aade    0000001a                       : cpy_utils.obj (.text)
                  0000aaf8    00000019                       : args_main.obj (.text)
                  0000ab11    00000018                       : ll_aox.obj (.text)
                  0000ab29    0000000e                       : fd_sub.obj (.text)
                  0000ab37    0000000d                       : memccpy.obj (.text)
                  0000ab44    0000000c                       : memset.obj (.text)
                  0000ab50    0000000c                       : strchr.obj (.text)
                  0000ab5c    00000009                       : _lock.obj (.text)
                  0000ab65    00000009                       : fd_neg.obj (.text)
                  0000ab6e    00000008     DSP2833x_CodeStartBranch.obj (.text)
                  0000ab76    00000008     rts2800_fpu32.lib : strlen.obj (.text)
                  0000ab7e    00000005                       : strcpy.obj (.text)
                  0000ab83    00000002                       : pre_init.obj (.text)
                  0000ab85    00000001                       : startup.obj (.text)

.pinit     0    00008000    00000000     UNINITIALIZED

.adc_cal   0    00380080    00000007     NOLOAD SECTION
                  00380080    00000007     DSP2833x_ADC_cal.obj (.adc_cal)

.stack     1    00000400    00000300     UNINITIALIZED
                  00000400    00000300     --HOLE--

DevEmuRegsFile 
*          1    00000880    000000d0     UNINITIALIZED
                  00000880    000000d0     DSP2833x_GlobalVariableDefs.obj (DevEmuRegsFile)

FlashRegsFile 
*          1    00000a80    00000008     UNINITIALIZED
                  00000a80    00000008     DSP2833x_GlobalVariableDefs.obj (FlashRegsFile)

CsmRegsFile 
*          1    00000ae0    00000010     UNINITIALIZED
                  00000ae0    00000010     DSP2833x_GlobalVariableDefs.obj (CsmRegsFile)

AdcMirrorFile 
*          1    00000b00    00000010     UNINITIALIZED
                  00000b00    00000010     DSP2833x_GlobalVariableDefs.obj (AdcMirrorFile)

XintfRegsFile 
*          1    00000b20    0000001e     UNINITIALIZED
                  00000b20    0000001e     DSP2833x_GlobalVariableDefs.obj (XintfRegsFile)

CpuTimer0RegsFile 
*          1    00000c00    00000008     UNINITIALIZED
                  00000c00    00000008     DSP2833x_GlobalVariableDefs.obj (CpuTimer0RegsFile)

CpuTimer1RegsFile 
*          1    00000c08    00000008     UNINITIALIZED
                  00000c08    00000008     DSP2833x_GlobalVariableDefs.obj (CpuTimer1RegsFile)

CpuTimer2RegsFile 
*          1    00000c10    00000008     UNINITIALIZED
                  00000c10    00000008     DSP2833x_GlobalVariableDefs.obj (CpuTimer2RegsFile)

PieCtrlRegsFile 
*          1    00000ce0    0000001a     UNINITIALIZED
                  00000ce0    0000001a     DSP2833x_GlobalVariableDefs.obj (PieCtrlRegsFile)

PieVectTableFile 
*          1    00000d00    00000100     UNINITIALIZED
                  00000d00    00000100     DSP2833x_GlobalVariableDefs.obj (PieVectTableFile)

DmaRegsFile 
*          1    00001000    000000e0     UNINITIALIZED
                  00001000    000000e0     DSP2833x_GlobalVariableDefs.obj (DmaRegsFile)

McbspaRegsFile 
*          1    00005000    00000025     UNINITIALIZED
                  00005000    00000025     DSP2833x_GlobalVariableDefs.obj (McbspaRegsFile)

McbspbRegsFile 
*          1    00005040    00000025     UNINITIALIZED
                  00005040    00000025     DSP2833x_GlobalVariableDefs.obj (McbspbRegsFile)

ECanaRegsFile 
*          1    00006000    00000034     UNINITIALIZED
                  00006000    00000034     DSP2833x_GlobalVariableDefs.obj (ECanaRegsFile)

ECanaLAMRegsFile 
*          1    00006040    00000040     UNINITIALIZED
                  00006040    00000040     DSP2833x_GlobalVariableDefs.obj (ECanaLAMRegsFile)

ECanaMOTSRegsFile 
*          1    00006080    00000040     UNINITIALIZED
                  00006080    00000040     DSP2833x_GlobalVariableDefs.obj (ECanaMOTSRegsFile)

ECanaMOTORegsFile 
*          1    000060c0    00000040     UNINITIALIZED
                  000060c0    00000040     DSP2833x_GlobalVariableDefs.obj (ECanaMOTORegsFile)

ECanaMboxesFile 
*          1    00006100    00000100     UNINITIALIZED
                  00006100    00000100     DSP2833x_GlobalVariableDefs.obj (ECanaMboxesFile)

ECanbRegsFile 
*          1    00006200    00000034     UNINITIALIZED
                  00006200    00000034     DSP2833x_GlobalVariableDefs.obj (ECanbRegsFile)

ECanbLAMRegsFile 
*          1    00006240    00000040     UNINITIALIZED
                  00006240    00000040     DSP2833x_GlobalVariableDefs.obj (ECanbLAMRegsFile)

ECanbMOTSRegsFile 
*          1    00006280    00000040     UNINITIALIZED
                  00006280    00000040     DSP2833x_GlobalVariableDefs.obj (ECanbMOTSRegsFile)

ECanbMOTORegsFile 
*          1    000062c0    00000040     UNINITIALIZED
                  000062c0    00000040     DSP2833x_GlobalVariableDefs.obj (ECanbMOTORegsFile)

ECanbMboxesFile 
*          1    00006300    00000100     UNINITIALIZED
                  00006300    00000100     DSP2833x_GlobalVariableDefs.obj (ECanbMboxesFile)

EPwm1RegsFile 
*          1    00006800    00000022     UNINITIALIZED
                  00006800    00000022     DSP2833x_GlobalVariableDefs.obj (EPwm1RegsFile)

EPwm2RegsFile 
*          1    00006840    00000022     UNINITIALIZED
                  00006840    00000022     DSP2833x_GlobalVariableDefs.obj (EPwm2RegsFile)

EPwm3RegsFile 
*          1    00006880    00000022     UNINITIALIZED
                  00006880    00000022     DSP2833x_GlobalVariableDefs.obj (EPwm3RegsFile)

EPwm4RegsFile 
*          1    000068c0    00000022     UNINITIALIZED
                  000068c0    00000022     DSP2833x_GlobalVariableDefs.obj (EPwm4RegsFile)

EPwm5RegsFile 
*          1    00006900    00000022     UNINITIALIZED
                  00006900    00000022     DSP2833x_GlobalVariableDefs.obj (EPwm5RegsFile)

EPwm6RegsFile 
*          1    00006940    00000022     UNINITIALIZED
                  00006940    00000022     DSP2833x_GlobalVariableDefs.obj (EPwm6RegsFile)

ECap1RegsFile 
*          1    00006a00    00000020     UNINITIALIZED
                  00006a00    00000020     DSP2833x_GlobalVariableDefs.obj (ECap1RegsFile)

ECap2RegsFile 
*          1    00006a20    00000020     UNINITIALIZED
                  00006a20    00000020     DSP2833x_GlobalVariableDefs.obj (ECap2RegsFile)

ECap3RegsFile 
*          1    00006a40    00000020     UNINITIALIZED
                  00006a40    00000020     DSP2833x_GlobalVariableDefs.obj (ECap3RegsFile)

ECap4RegsFile 
*          1    00006a60    00000020     UNINITIALIZED
                  00006a60    00000020     DSP2833x_GlobalVariableDefs.obj (ECap4RegsFile)

ECap5RegsFile 
*          1    00006a80    00000020     UNINITIALIZED
                  00006a80    00000020     DSP2833x_GlobalVariableDefs.obj (ECap5RegsFile)

ECap6RegsFile 
*          1    00006aa0    00000020     UNINITIALIZED
                  00006aa0    00000020     DSP2833x_GlobalVariableDefs.obj (ECap6RegsFile)

EQep1RegsFile 
*          1    00006b00    00000040     UNINITIALIZED
                  00006b00    00000040     DSP2833x_GlobalVariableDefs.obj (EQep1RegsFile)

EQep2RegsFile 
*          1    00006b40    00000040     UNINITIALIZED
                  00006b40    00000040     DSP2833x_GlobalVariableDefs.obj (EQep2RegsFile)

GpioCtrlRegsFile 
*          1    00006f80    0000002e     UNINITIALIZED
                  00006f80    0000002e     DSP2833x_GlobalVariableDefs.obj (GpioCtrlRegsFile)

GpioDataRegsFile 
*          1    00006fc0    00000020     UNINITIALIZED
                  00006fc0    00000020     DSP2833x_GlobalVariableDefs.obj (GpioDataRegsFile)

GpioIntRegsFile 
*          1    00006fe0    0000000a     UNINITIALIZED
                  00006fe0    0000000a     DSP2833x_GlobalVariableDefs.obj (GpioIntRegsFile)

SysCtrlRegsFile 
*          1    00007010    00000020     UNINITIALIZED
                  00007010    00000020     DSP2833x_GlobalVariableDefs.obj (SysCtrlRegsFile)

SpiaRegsFile 
*          1    00007040    00000010     UNINITIALIZED
                  00007040    00000010     DSP2833x_GlobalVariableDefs.obj (SpiaRegsFile)

SciaRegsFile 
*          1    00007050    00000010     UNINITIALIZED
                  00007050    00000010     DSP2833x_GlobalVariableDefs.obj (SciaRegsFile)

XIntruptRegsFile 
*          1    00007070    00000010     UNINITIALIZED
                  00007070    00000010     DSP2833x_GlobalVariableDefs.obj (XIntruptRegsFile)

AdcRegsFile 
*          1    00007100    0000001e     UNINITIALIZED
                  00007100    0000001e     DSP2833x_GlobalVariableDefs.obj (AdcRegsFile)

ScibRegsFile 
*          1    00007750    00000010     UNINITIALIZED
                  00007750    00000010     DSP2833x_GlobalVariableDefs.obj (ScibRegsFile)

ScicRegsFile 
*          1    00007770    00000010     UNINITIALIZED
                  00007770    00000010     DSP2833x_GlobalVariableDefs.obj (ScicRegsFile)

I2caRegsFile 
*          1    00007900    00000022     UNINITIALIZED
                  00007900    00000022     DSP2833x_GlobalVariableDefs.obj (I2caRegsFile)

.ebss      1    0000c000    00000033     UNINITIALIZED
                  0000c000    00000018     DSP2833x_CpuTimers.obj (.ebss)
                  0000c018    00000010     uart.obj (.ebss)
                  0000c028    00000006     rts2800_fpu32.lib : exit.obj (.ebss)
                  0000c02e    00000002                       : _lock.obj (.ebss:__lock)
                  0000c030    00000002                       : _lock.obj (.ebss:__unlock)
                  0000c032    00000001                       : errno.obj (.ebss)

.econst    1    0000d000    00000284     
                  0000d000    00000101     rts2800_fpu32.lib : ctype.obj (.econst:.string:__ctypes_)
                  0000d101    00000001     --HOLE-- [fill = 0]
                  0000d102    00000100     DSP2833x_PieVect.obj (.econst:_PieVectTableInit)
                  0000d202    00000026     rts2800_fpu32.lib : _printfi.obj (.econst:.string)
                  0000d228    0000001c     main.obj (.econst:.string)
                  0000d244    0000001c     rts2800_fpu32.lib : _printfi.obj (.econst)
                  0000d260    0000001c                       : s_scalbn.obj (.econst)
                  0000d27c    00000008                       : s_frexp.obj (.econst)

.reset     0    003fffc0    00000002     DSECT
                  003fffc0    00000002     rts2800_fpu32.lib : boot.obj (.reset)

csm_rsvd   0    0033ff80    00000000     DSECT

csmpasswds 
*          0    0033fff8    00000000     DSECT

CsmPwlFile 
*          1    0033fff8    00000008     UNINITIALIZED
                  0033fff8    00000008     DSP2833x_GlobalVariableDefs.obj (CsmPwlFile)

MODULE SUMMARY

       Module                            code   ro data   rw data
       ------                            ----   -------   -------
    .\APP\leds\
       leds.obj                          68     0         0      
    +--+---------------------------------+------+---------+---------+
       Total:                            68     0         0      
                                                                 
    .\APP\spi\
       spi.obj                           40     0         0      
    +--+---------------------------------+------+---------+---------+
       Total:                            40     0         0      
                                                                 
    .\APP\time\
       time.obj                          233    0         0      
    +--+---------------------------------+------+---------+---------+
       Total:                            233    0         0      
                                                                 
    .\APP\uart\
       uart.obj                          407    0         29     
    +--+---------------------------------+------+---------+---------+
       Total:                            407    0         29     
                                                                 
    .\DSP2833x_Libraries\
       DSP2833x_GlobalVariableDefs.obj   0      0         2678   
       DSP2833x_DefaultIsr.obj           803    0         0      
       DSP2833x_PieVect.obj              32     0         256    
       DSP2833x_SysCtrl.obj              248    0         0      
       DSP2833x_CpuTimers.obj            123    0         24     
       DSP2833x_Sci.obj                  69     0         0      
       DSP2833x_Spi.obj                  44     0         0      
       DSP2833x_PieCtrl.obj              40     0         0      
       DSP2833x_CodeStartBranch.obj      10     0         0      
       DSP2833x_ADC_cal.obj              7      0         0      
       DSP2833x_usDelay.obj              4      0         0      
    +--+---------------------------------+------+---------+---------+
       Total:                            1380   0         2958   
                                                                 
    .\User\
       main.obj                          67     0         28     
    +--+---------------------------------+------+---------+---------+
       Total:                            67     0         28     
                                                                 
    C:\ti\ccsv6\tools\compiler\ti-cgt-c2000_15.12.1.LTS\lib\rts2800_fpu32.lib
       _printfi.obj                      3033   0         66     
       ll_div.obj                        263    0         0      
       ctype.obj                         0      0         257    
       s_scalbn.obj                      188    0         28     
       fd_add.obj                        156    0         0      
       fd_div.obj                        139    0         0      
       fd_mpy.obj                        131    0         0      
       s_frexp.obj                       91     0         8      
       boot.obj                          86     0         0      
       cpy_tbl.obj                       70     0         0      
       exit.obj                          41     0         20     
       sprintf.obj                       50     0         0      
       atoi.obj                          49     0         0      
       ltoa.obj                          46     0         0      
       fd_cmp.obj                        42     0         0      
       l_div.obj                         42     0         0      
       i_div.obj                         34     0         0      
       s_copysign.obj                    34     0         0      
       fd_toi.obj                        33     0         0      
       fd_tol.obj                        31     0         0      
       ll_cmp.obj                        30     0         0      
       memcpy.obj                        30     0         0      
       i_tofd.obj                        29     0         0      
       fs_tofd.obj                       28     0         0      
       l_tofd.obj                        28     0         0      
       cpy_utils.obj                     26     0         0      
       args_main.obj                     25     0         0      
       ll_aox.obj                        24     0         0      
       _lock.obj                         9      0         14     
       fd_sub.obj                        14     0         0      
       memccpy.obj                       13     0         0      
       memset.obj                        12     0         0      
       strchr.obj                        12     0         0      
       fd_neg.obj                        9      0         0      
       strlen.obj                        8      0         0      
       errno.obj                         0      0         5      
       strcpy.obj                        5      0         0      
       pre_init.obj                      2      0         0      
       startup.obj                       1      0         0      
    +--+---------------------------------+------+---------+---------+
       Total:                            4864   0         398    
                                                                 
       Stack:                            0      0         768    
    +--+---------------------------------+------+---------+---------+
       Grand Total:                      7059   0         4181   


GLOBAL DATA SYMBOLS: SORTED BY DATA PAGE

address     data page           name
--------    ----------------    ----
00000400      10 (00000400)     __stack

00000880      22 (00000880)     _DevEmuRegs

00000a80      2a (00000a80)     _FlashRegs

00000ae0      2b (00000ac0)     _CsmRegs

00000b00      2c (00000b00)     _AdcMirror
00000b20      2c (00000b00)     _XintfRegs

00000c00      30 (00000c00)     _CpuTimer0Regs
00000c08      30 (00000c00)     _CpuTimer1Regs
00000c10      30 (00000c00)     _CpuTimer2Regs

00000ce0      33 (00000cc0)     _PieCtrlRegs

00000d00      34 (00000d00)     _PieVectTable

00001000      40 (00001000)     _DmaRegs

00005000     140 (00005000)     _McbspaRegs

00005040     141 (00005040)     _McbspbRegs

00006000     180 (00006000)     _ECanaRegs

00006040     181 (00006040)     _ECanaLAMRegs

00006080     182 (00006080)     _ECanaMOTSRegs

000060c0     183 (000060c0)     _ECanaMOTORegs

00006100     184 (00006100)     _ECanaMboxes

00006200     188 (00006200)     _ECanbRegs

00006240     189 (00006240)     _ECanbLAMRegs

00006280     18a (00006280)     _ECanbMOTSRegs

000062c0     18b (000062c0)     _ECanbMOTORegs

00006300     18c (00006300)     _ECanbMboxes

00006800     1a0 (00006800)     _EPwm1Regs

00006840     1a1 (00006840)     _EPwm2Regs

00006880     1a2 (00006880)     _EPwm3Regs

000068c0     1a3 (000068c0)     _EPwm4Regs

00006900     1a4 (00006900)     _EPwm5Regs

00006940     1a5 (00006940)     _EPwm6Regs

00006a00     1a8 (00006a00)     _ECap1Regs
00006a20     1a8 (00006a00)     _ECap2Regs

00006a40     1a9 (00006a40)     _ECap3Regs
00006a60     1a9 (00006a40)     _ECap4Regs

00006a80     1aa (00006a80)     _ECap5Regs
00006aa0     1aa (00006a80)     _ECap6Regs

00006b00     1ac (00006b00)     _EQep1Regs

00006b40     1ad (00006b40)     _EQep2Regs

00006f80     1be (00006f80)     _GpioCtrlRegs

00006fc0     1bf (00006fc0)     _GpioDataRegs
00006fe0     1bf (00006fc0)     _GpioIntRegs

00007010     1c0 (00007000)     _SysCtrlRegs

00007040     1c1 (00007040)     _SpiaRegs
00007050     1c1 (00007040)     _SciaRegs
00007070     1c1 (00007040)     _XIntruptRegs

00007100     1c4 (00007100)     _AdcRegs

00007750     1dd (00007740)     _ScibRegs
00007770     1dd (00007740)     _ScicRegs

00007900     1e4 (00007900)     _I2caRegs

0000c000     300 (0000c000)     _CpuTimer1
0000c008     300 (0000c000)     _CpuTimer2
0000c010     300 (0000c000)     _CpuTimer0
0000c018     300 (0000c000)     _SendChar
0000c019     300 (0000c000)     _ReceivedAChar
0000c01a     300 (0000c000)     _ErrorCount
0000c01b     300 (0000c000)     _ReceivedCount
0000c01c     300 (0000c000)     _BRRVal
0000c01d     300 (0000c000)     _ReceivedBChar
0000c01e     300 (0000c000)     _Buff
0000c028     300 (0000c000)     ___TI_enable_exit_profile_output
0000c02a     300 (0000c000)     ___TI_cleanup_ptr
0000c02c     300 (0000c000)     ___TI_dtors_ptr
0000c02e     300 (0000c000)     __lock
0000c030     300 (0000c000)     __unlock
0000c032     300 (0000c000)     _errno

0000d000     340 (0000d000)     __ctypes_

0000d102     344 (0000d100)     _PieVectTableInit

0033fff8    cfff (0033ffc0)     _CsmPwl


GLOBAL SYMBOLS: SORTED ALPHABETICALLY BY Name 

page  address   name                            
----  -------   ----                            
0     00009000  .text                           
0     0000a930  C$$EXIT                         
0     0000a38d  FD$$ADD                         
0     0000a8dc  FD$$CMP                         
0     0000a429  FD$$DIV                         
0     0000a4b4  FD$$MPY                         
0     0000ab65  FD$$NEG                         
0     0000ab29  FD$$SUB                         
0     0000a9ed  FD$$TOI                         
0     0000aa2e  FD$$TOL                         
0     0000aaa6  FS$$TOFD                        
0     0000a9a9  I$$DIV                          
0     0000a9ba  I$$MOD                          
0     0000aa89  I$$TOFD                         
0     0000a906  L$$DIV                          
0     0000a915  L$$MOD                          
0     0000aac2  L$$TOFD                         
0     0000ab11  LL$$AND                         
0     0000aa4d  LL$$CMP                         
0     0000a02c  LL$$DIV                         
0     0000a068  LL$$MOD                         
0     0000ab19  LL$$OR                          
0     0000ab21  LL$$XOR                         
0     0000a923  UL$$DIV                         
0     0000a92a  UL$$MOD                         
0     0000aa5f  ULL$$CMP                        
0     0000a0a2  ULL$$DIV                        
0     0000a0d1  ULL$$MOD                        
0     00009cbf  _ADCINT_ISR                     
0     00380080  _ADC_cal                        
1     00000b00  _AdcMirror                      
1     00007100  _AdcRegs                        
1     0000c01c  _BRRVal                         
1     0000c01e  _Buff                           
0     0000a578  _ConfigCpuTimer                 
1     0000c010  _CpuTimer0                      
1     00000c00  _CpuTimer0Regs                  
1     0000c000  _CpuTimer1                      
1     00000c08  _CpuTimer1Regs                  
1     0000c008  _CpuTimer2                      
1     00000c10  _CpuTimer2Regs                  
1     0033fff8  _CsmPwl                         
1     00000ae0  _CsmRegs                        
0     0000a1fa  _CsmUnlock                      
0     00009bed  _DATALOG_ISR                    
0     00009de1  _DINTCH1_ISR                    
0     00009deb  _DINTCH2_ISR                    
0     00009df5  _DINTCH3_ISR                    
0     00009dff  _DINTCH4_ISR                    
0     00009e09  _DINTCH5_ISR                    
0     00009e13  _DINTCH6_ISR                    
0     0000802b  _DSP28x_usDelay                 
1     00000880  _DevEmuRegs                     
0     0000a146  _DisableDog                     
1     00001000  _DmaRegs                        
0     00009e6d  _ECAN0INTA_ISR                  
0     00009e81  _ECAN0INTB_ISR                  
0     00009e77  _ECAN1INTA_ISR                  
0     00009e8b  _ECAN1INTB_ISR                  
0     00009d55  _ECAP1_INT_ISR                  
0     00009d5f  _ECAP2_INT_ISR                  
0     00009d69  _ECAP3_INT_ISR                  
0     00009d73  _ECAP4_INT_ISR                  
0     00009d7d  _ECAP5_INT_ISR                  
0     00009d87  _ECAP6_INT_ISR                  
1     00006040  _ECanaLAMRegs                   
1     000060c0  _ECanaMOTORegs                  
1     00006080  _ECanaMOTSRegs                  
1     00006100  _ECanaMboxes                    
1     00006000  _ECanaRegs                      
1     00006240  _ECanbLAMRegs                   
1     000062c0  _ECanbMOTORegs                  
1     00006280  _ECanbMOTSRegs                  
1     00006300  _ECanbMboxes                    
1     00006200  _ECanbRegs                      
1     00006a00  _ECap1Regs                      
1     00006a20  _ECap2Regs                      
1     00006a40  _ECap3Regs                      
1     00006a60  _ECap4Regs                      
1     00006a80  _ECap5Regs                      
1     00006aa0  _ECap6Regs                      
0     00009edb  _EMPTY_ISR                      
0     00009c01  _EMUINT_ISR                     
0     00009d19  _EPWM1_INT_ISR                  
0     00009cdd  _EPWM1_TZINT_ISR                
0     00009d23  _EPWM2_INT_ISR                  
0     00009ce7  _EPWM2_TZINT_ISR                
0     00009d2d  _EPWM3_INT_ISR                  
0     00009cf1  _EPWM3_TZINT_ISR                
0     00009d37  _EPWM4_INT_ISR                  
0     00009cfb  _EPWM4_TZINT_ISR                
0     00009d41  _EPWM5_INT_ISR                  
0     00009d05  _EPWM5_TZINT_ISR                
0     00009d4b  _EPWM6_INT_ISR                  
0     00009d0f  _EPWM6_TZINT_ISR                
1     00006800  _EPwm1Regs                      
1     00006840  _EPwm2Regs                      
1     00006880  _EPwm3Regs                      
1     000068c0  _EPwm4Regs                      
1     00006900  _EPwm5Regs                      
1     00006940  _EPwm6Regs                      
0     00009d91  _EQEP1_INT_ISR                  
0     00009d9b  _EQEP2_INT_ISR                  
1     00006b00  _EQep1Regs                      
1     00006b40  _EQep2Regs                      
0     0000a978  _EnableInterrupts               
1     0000c01a  _ErrorCount                     
1     00000a80  _FlashRegs                      
1     00006f80  _GpioCtrlRegs                   
1     00006fc0  _GpioDataRegs                   
1     00006fe0  _GpioIntRegs                    
0     00009e1d  _I2CINT1A_ISR                   
0     00009e27  _I2CINT2A_ISR                   
1     00007900  _I2caRegs                       
0     00009c15  _ILLEGAL_ISR                    
0     00009bd9  _INT13_ISR                      
0     00009be3  _INT14_ISR                      
0     0000a537  _InitCpuTimers                  
0     0000a19f  _InitPeripheralClocks           
0     0000a959  _InitPieCtrl                    
0     0000aa0e  _InitPieVectTable               
0     0000a14e  _InitPll                        
0     0000a710  _InitSci                        
0     0000a711  _InitSciGpio                    
0     0000a716  _InitSciaGpio                   
0     0000a72b  _InitScibGpio                   
0     0000a73f  _InitScicGpio                   
0     0000a8b0  _InitSpi                        
0     0000a8b1  _InitSpiGpio                    
0     0000a8b4  _InitSpiaGpio                   
0     0000a133  _InitSysCtrl                    
0     0000a755  _LED_Init                       
0     00009ed1  _LUF_ISR                        
0     00009ec7  _LVF_ISR                        
0     00009dcd  _MRINTA_ISR                     
0     00009db9  _MRINTB_ISR                     
0     00009dd7  _MXINTA_ISR                     
0     00009dc3  _MXINTB_ISR                     
1     00005000  _McbspaRegs                     
1     00005040  _McbspbRegs                     
0     00009c0b  _NMI_ISR                        
0     00009ee8  _PIE_RESERVED                   
1     00000ce0  _PieCtrlRegs                    
1     00000d00  _PieVectTable                   
1     0000d102  _PieVectTableInit               
0     00009bf7  _RTOSINT_ISR                    
1     0000c019  _ReceivedAChar                  
1     0000c01d  _ReceivedBChar                  
1     0000c01b  _ReceivedCount                  
0     00009e45  _SCIRXINTA_ISR                  
0     00009e59  _SCIRXINTB_ISR                  
0     00009e31  _SCIRXINTC_ISR                  
0     00009e4f  _SCITXINTA_ISR                  
0     00009e63  _SCITXINTB_ISR                  
0     00009e3b  _SCITXINTC_ISR                  
0     00009c97  _SEQ1INT_ISR                    
0     00009ca1  _SEQ2INT_ISR                    
0     0000a981  _SPIA_Init                      
0     0000a99c  _SPIA_SendReciveData            
0     00009da5  _SPIRXINTA_ISR                  
0     00009daf  _SPITXINTA_ISR                  
1     00007050  _SciaRegs                       
1     00007750  _ScibRegs                       
1     00007770  _ScicRegs                       
1     0000c018  _SendChar                       
0     0000a13c  _ServiceDog                     
1     00007040  _SpiaRegs                       
1     00007010  _SysCtrlRegs                    
0     0000a7dc  _TIM0_IRQn                      
0     0000a2e7  _TIM0_Init                      
0     0000a7f9  _TIM1_IRQn                      
0     0000a321  _TIM1_Init                      
0     0000a80c  _TIM2_IRQn                      
0     0000a357  _TIM2_Init                      
0     00009cc9  _TINT0_ISR                      
0     00009fab  _UART_AutoBaud_Test             
0     00009efc  _UARTa_Init                     
0     00009f35  _UARTa_SendByte                 
0     00009f41  _UARTa_SendString               
0     00009c79  _USER10_ISR                     
0     00009c83  _USER11_ISR                     
0     00009c8d  _USER12_ISR                     
0     00009c1f  _USER1_ISR                      
0     00009c29  _USER2_ISR                      
0     00009c33  _USER3_ISR                      
0     00009c3d  _USER4_ISR                      
0     00009c47  _USER5_ISR                      
0     00009c51  _USER6_ISR                      
0     00009c5b  _USER7_ISR                      
0     00009c65  _USER8_ISR                      
0     00009c6f  _USER9_ISR                      
0     00009cd3  _WAKEINT_ISR                    
0     00009cab  _XINT1_ISR                      
0     00009cb5  _XINT2_ISR                      
0     00009e95  _XINT3_ISR                      
0     00009e9f  _XINT4_ISR                      
0     00009ea9  _XINT5_ISR                      
0     00009eb3  _XINT6_ISR                      
0     00009ebd  _XINT7_ISR                      
1     00007070  _XIntruptRegs                   
1     00000b20  _XintfRegs                      
1     00000700  __STACK_END                     
abs   00000300  __STACK_SIZE                    
1     0000c02a  ___TI_cleanup_ptr               
1     0000c02c  ___TI_dtors_ptr                 
1     0000c028  ___TI_enable_exit_profile_output
abs   ffffffff  ___TI_pprof_out_hndl            
0     00009ab4  ___TI_printfi                   
abs   ffffffff  ___TI_prof_data_size            
abs   ffffffff  ___TI_prof_data_start           
abs   ffffffff  ___binit__                      
abs   ffffffff  ___c_args__                     
0     00008000  ___cinit__                      
0     0000ab86  ___etext__                      
abs   ffffffff  ___pinit__                      
0     00009000  ___text__                       
0     0000aaf8  __args_main                     
1     0000d000  __ctypes_                       
1     0000c02e  __lock                          
0     0000ab64  __nop                           
0     0000ab60  __register_lock                 
0     0000ab5c  __register_unlock               
1     00000400  __stack                         
0     0000ab85  __system_post_cinit             
0     0000ab83  __system_pre_init               
1     0000c030  __unlock                        
0     0000a930  _abort                          
0     0000a851  _atoi                           
0     0000a674  _c_int00                        
0     0000a6ca  _copy_in                        
0     0000a9cb  _copysignl                      
0     0000aade  _ddcopy                         
0     0000aade  _dpcopy                         
1     0000c032  _errno                          
0     00009f54  _error                          
0     0000a932  _exit                           
0     0000a619  _frexpl                         
0     0000a22b  _ldexpl                         
0     0000a882  _ltoa                           
0     0000a799  _main                           
0     0000ab37  _memccpy                        
0     0000aa6b  _memcpy                         
0     0000ab44  _memset                         
0     0000aade  _pdcopy                         
0     0000aade  _ppcopy                         
0     00009ef2  _rsvd_ISR                       
0     0000a5b2  _rxaint_isr                     
0     0000a22b  _scalbnl                        
0     00009f86  _scia_AutobaudLock              
0     00009f5b  _scia_init                      
0     00009f76  _scia_xmit                      
0     00009f6a  _scib_init                      
0     00009f7e  _scib_xmit                      
0     0000a81f  _sprintf                        
0     0000ab50  _strchr                         
0     0000ab7e  _strcpy                         
0     0000ab76  _strlen                         
abs   ffffffff  binit                           
0     00008000  cinit                           
0     00000000  code_start                      
0     0000ab86  etext                           
abs   ffffffff  pinit                           


GLOBAL SYMBOLS: SORTED BY Symbol Address 

page  address   name                            
----  -------   ----                            
0     00000000  code_start                      
0     00008000  ___cinit__                      
0     00008000  cinit                           
0     0000802b  _DSP28x_usDelay                 
0     00009000  .text                           
0     00009000  ___text__                       
0     00009ab4  ___TI_printfi                   
0     00009bd9  _INT13_ISR                      
0     00009be3  _INT14_ISR                      
0     00009bed  _DATALOG_ISR                    
0     00009bf7  _RTOSINT_ISR                    
0     00009c01  _EMUINT_ISR                     
0     00009c0b  _NMI_ISR                        
0     00009c15  _ILLEGAL_ISR                    
0     00009c1f  _USER1_ISR                      
0     00009c29  _USER2_ISR                      
0     00009c33  _USER3_ISR                      
0     00009c3d  _USER4_ISR                      
0     00009c47  _USER5_ISR                      
0     00009c51  _USER6_ISR                      
0     00009c5b  _USER7_ISR                      
0     00009c65  _USER8_ISR                      
0     00009c6f  _USER9_ISR                      
0     00009c79  _USER10_ISR                     
0     00009c83  _USER11_ISR                     
0     00009c8d  _USER12_ISR                     
0     00009c97  _SEQ1INT_ISR                    
0     00009ca1  _SEQ2INT_ISR                    
0     00009cab  _XINT1_ISR                      
0     00009cb5  _XINT2_ISR                      
0     00009cbf  _ADCINT_ISR                     
0     00009cc9  _TINT0_ISR                      
0     00009cd3  _WAKEINT_ISR                    
0     00009cdd  _EPWM1_TZINT_ISR                
0     00009ce7  _EPWM2_TZINT_ISR                
0     00009cf1  _EPWM3_TZINT_ISR                
0     00009cfb  _EPWM4_TZINT_ISR                
0     00009d05  _EPWM5_TZINT_ISR                
0     00009d0f  _EPWM6_TZINT_ISR                
0     00009d19  _EPWM1_INT_ISR                  
0     00009d23  _EPWM2_INT_ISR                  
0     00009d2d  _EPWM3_INT_ISR                  
0     00009d37  _EPWM4_INT_ISR                  
0     00009d41  _EPWM5_INT_ISR                  
0     00009d4b  _EPWM6_INT_ISR                  
0     00009d55  _ECAP1_INT_ISR                  
0     00009d5f  _ECAP2_INT_ISR                  
0     00009d69  _ECAP3_INT_ISR                  
0     00009d73  _ECAP4_INT_ISR                  
0     00009d7d  _ECAP5_INT_ISR                  
0     00009d87  _ECAP6_INT_ISR                  
0     00009d91  _EQEP1_INT_ISR                  
0     00009d9b  _EQEP2_INT_ISR                  
0     00009da5  _SPIRXINTA_ISR                  
0     00009daf  _SPITXINTA_ISR                  
0     00009db9  _MRINTB_ISR                     
0     00009dc3  _MXINTB_ISR                     
0     00009dcd  _MRINTA_ISR                     
0     00009dd7  _MXINTA_ISR                     
0     00009de1  _DINTCH1_ISR                    
0     00009deb  _DINTCH2_ISR                    
0     00009df5  _DINTCH3_ISR                    
0     00009dff  _DINTCH4_ISR                    
0     00009e09  _DINTCH5_ISR                    
0     00009e13  _DINTCH6_ISR                    
0     00009e1d  _I2CINT1A_ISR                   
0     00009e27  _I2CINT2A_ISR                   
0     00009e31  _SCIRXINTC_ISR                  
0     00009e3b  _SCITXINTC_ISR                  
0     00009e45  _SCIRXINTA_ISR                  
0     00009e4f  _SCITXINTA_ISR                  
0     00009e59  _SCIRXINTB_ISR                  
0     00009e63  _SCITXINTB_ISR                  
0     00009e6d  _ECAN0INTA_ISR                  
0     00009e77  _ECAN1INTA_ISR                  
0     00009e81  _ECAN0INTB_ISR                  
0     00009e8b  _ECAN1INTB_ISR                  
0     00009e95  _XINT3_ISR                      
0     00009e9f  _XINT4_ISR                      
0     00009ea9  _XINT5_ISR                      
0     00009eb3  _XINT6_ISR                      
0     00009ebd  _XINT7_ISR                      
0     00009ec7  _LVF_ISR                        
0     00009ed1  _LUF_ISR                        
0     00009edb  _EMPTY_ISR                      
0     00009ee8  _PIE_RESERVED                   
0     00009ef2  _rsvd_ISR                       
0     00009efc  _UARTa_Init                     
0     00009f35  _UARTa_SendByte                 
0     00009f41  _UARTa_SendString               
0     00009f54  _error                          
0     00009f5b  _scia_init                      
0     00009f6a  _scib_init                      
0     00009f76  _scia_xmit                      
0     00009f7e  _scib_xmit                      
0     00009f86  _scia_AutobaudLock              
0     00009fab  _UART_AutoBaud_Test             
0     0000a02c  LL$$DIV                         
0     0000a068  LL$$MOD                         
0     0000a0a2  ULL$$DIV                        
0     0000a0d1  ULL$$MOD                        
0     0000a133  _InitSysCtrl                    
0     0000a13c  _ServiceDog                     
0     0000a146  _DisableDog                     
0     0000a14e  _InitPll                        
0     0000a19f  _InitPeripheralClocks           
0     0000a1fa  _CsmUnlock                      
0     0000a22b  _ldexpl                         
0     0000a22b  _scalbnl                        
0     0000a2e7  _TIM0_Init                      
0     0000a321  _TIM1_Init                      
0     0000a357  _TIM2_Init                      
0     0000a38d  FD$$ADD                         
0     0000a429  FD$$DIV                         
0     0000a4b4  FD$$MPY                         
0     0000a537  _InitCpuTimers                  
0     0000a578  _ConfigCpuTimer                 
0     0000a5b2  _rxaint_isr                     
0     0000a619  _frexpl                         
0     0000a674  _c_int00                        
0     0000a6ca  _copy_in                        
0     0000a710  _InitSci                        
0     0000a711  _InitSciGpio                    
0     0000a716  _InitSciaGpio                   
0     0000a72b  _InitScibGpio                   
0     0000a73f  _InitScicGpio                   
0     0000a755  _LED_Init                       
0     0000a799  _main                           
0     0000a7dc  _TIM0_IRQn                      
0     0000a7f9  _TIM1_IRQn                      
0     0000a80c  _TIM2_IRQn                      
0     0000a81f  _sprintf                        
0     0000a851  _atoi                           
0     0000a882  _ltoa                           
0     0000a8b0  _InitSpi                        
0     0000a8b1  _InitSpiGpio                    
0     0000a8b4  _InitSpiaGpio                   
0     0000a8dc  FD$$CMP                         
0     0000a906  L$$DIV                          
0     0000a915  L$$MOD                          
0     0000a923  UL$$DIV                         
0     0000a92a  UL$$MOD                         
0     0000a930  C$$EXIT                         
0     0000a930  _abort                          
0     0000a932  _exit                           
0     0000a959  _InitPieCtrl                    
0     0000a978  _EnableInterrupts               
0     0000a981  _SPIA_Init                      
0     0000a99c  _SPIA_SendReciveData            
0     0000a9a9  I$$DIV                          
0     0000a9ba  I$$MOD                          
0     0000a9cb  _copysignl                      
0     0000a9ed  FD$$TOI                         
0     0000aa0e  _InitPieVectTable               
0     0000aa2e  FD$$TOL                         
0     0000aa4d  LL$$CMP                         
0     0000aa5f  ULL$$CMP                        
0     0000aa6b  _memcpy                         
0     0000aa89  I$$TOFD                         
0     0000aaa6  FS$$TOFD                        
0     0000aac2  L$$TOFD                         
0     0000aade  _ddcopy                         
0     0000aade  _dpcopy                         
0     0000aade  _pdcopy                         
0     0000aade  _ppcopy                         
0     0000aaf8  __args_main                     
0     0000ab11  LL$$AND                         
0     0000ab19  LL$$OR                          
0     0000ab21  LL$$XOR                         
0     0000ab29  FD$$SUB                         
0     0000ab37  _memccpy                        
0     0000ab44  _memset                         
0     0000ab50  _strchr                         
0     0000ab5c  __register_unlock               
0     0000ab60  __register_lock                 
0     0000ab64  __nop                           
0     0000ab65  FD$$NEG                         
0     0000ab76  _strlen                         
0     0000ab7e  _strcpy                         
0     0000ab83  __system_pre_init               
0     0000ab85  __system_post_cinit             
0     0000ab86  ___etext__                      
0     0000ab86  etext                           
0     00380080  _ADC_cal                        
1     00000400  __stack                         
1     00000700  __STACK_END                     
1     00000880  _DevEmuRegs                     
1     00000a80  _FlashRegs                      
1     00000ae0  _CsmRegs                        
1     00000b00  _AdcMirror                      
1     00000b20  _XintfRegs                      
1     00000c00  _CpuTimer0Regs                  
1     00000c08  _CpuTimer1Regs                  
1     00000c10  _CpuTimer2Regs                  
1     00000ce0  _PieCtrlRegs                    
1     00000d00  _PieVectTable                   
1     00001000  _DmaRegs                        
1     00005000  _McbspaRegs                     
1     00005040  _McbspbRegs                     
1     00006000  _ECanaRegs                      
1     00006040  _ECanaLAMRegs                   
1     00006080  _ECanaMOTSRegs                  
1     000060c0  _ECanaMOTORegs                  
1     00006100  _ECanaMboxes                    
1     00006200  _ECanbRegs                      
1     00006240  _ECanbLAMRegs                   
1     00006280  _ECanbMOTSRegs                  
1     000062c0  _ECanbMOTORegs                  
1     00006300  _ECanbMboxes                    
1     00006800  _EPwm1Regs                      
1     00006840  _EPwm2Regs                      
1     00006880  _EPwm3Regs                      
1     000068c0  _EPwm4Regs                      
1     00006900  _EPwm5Regs                      
1     00006940  _EPwm6Regs                      
1     00006a00  _ECap1Regs                      
1     00006a20  _ECap2Regs                      
1     00006a40  _ECap3Regs                      
1     00006a60  _ECap4Regs                      
1     00006a80  _ECap5Regs                      
1     00006aa0  _ECap6Regs                      
1     00006b00  _EQep1Regs                      
1     00006b40  _EQep2Regs                      
1     00006f80  _GpioCtrlRegs                   
1     00006fc0  _GpioDataRegs                   
1     00006fe0  _GpioIntRegs                    
1     00007010  _SysCtrlRegs                    
1     00007040  _SpiaRegs                       
1     00007050  _SciaRegs                       
1     00007070  _XIntruptRegs                   
1     00007100  _AdcRegs                        
1     00007750  _ScibRegs                       
1     00007770  _ScicRegs                       
1     00007900  _I2caRegs                       
1     0000c000  _CpuTimer1                      
1     0000c008  _CpuTimer2                      
1     0000c010  _CpuTimer0                      
1     0000c018  _SendChar                       
1     0000c019  _ReceivedAChar                  
1     0000c01a  _ErrorCount                     
1     0000c01b  _ReceivedCount                  
1     0000c01c  _BRRVal                         
1     0000c01d  _ReceivedBChar                  
1     0000c01e  _Buff                           
1     0000c028  ___TI_enable_exit_profile_output
1     0000c02a  ___TI_cleanup_ptr               
1     0000c02c  ___TI_dtors_ptr                 
1     0000c02e  __lock                          
1     0000c030  __unlock                        
1     0000c032  _errno                          
1     0000d000  __ctypes_                       
1     0000d102  _PieVectTableInit               
1     0033fff8  _CsmPwl                         
abs   00000300  __STACK_SIZE                    
abs   ffffffff  ___TI_pprof_out_hndl            
abs   ffffffff  ___TI_prof_data_size            
abs   ffffffff  ___TI_prof_data_start           
abs   ffffffff  ___binit__                      
abs   ffffffff  ___c_args__                     
abs   ffffffff  ___pinit__                      
abs   ffffffff  binit                           
abs   ffffffff  pinit                           

[262 symbols]
